

HI-TECH Software PICC Macro Assembler V9.60PL1
                                                      Mon Jan 27 16:04:30 2020


     1                           	processor	16F84A
     2                           	opt	pw 79
     3                           	psect	text0,local,class=CODE,delta=2
     4                           	psect	text1,local,class=CODE,delta=2
     5  0000                     
     6  0000                     
     7  0000                     
     8  0000                     
     9  0000                     
    10  0000                     
    11  0000                     
    12  0000                     
    13  0000                     
    14  0000                     
    15                           
    16                           	psect	text0
    17  006D                     _DelayMs
    18                           ;	_cnt assigned to ?a_DelayMs+0
    19  0000                     _DelayMs$cnt	set	?a_DelayMs
    20                           ;	_i assigned to ?a_DelayMs+1
    21  0000                     _DelayMs$i	set	?a_DelayMs+1
    22                           ;	__dcnt assigned to ?a_DelayMs+2
    23  0000                     _DelayMs$_dcnt	set	?a_DelayMs+2
    24                           ;_cnt stored from w
    25  006D  1283               	bcf	3,5
    26  006E  0090               	movwf	?a_DelayMs
    27  006F                     l4
    28                           ;delay.c: 10: void
    29                           ;delay.c: 22: i = 4;
    30  006F  3004               	movlw	4
    31  0070  0091               	movwf	?a_DelayMs+1
    32  0071                     l7
    33                           ;delay.c: 23: do {
    34                           ;delay.c: 24: { unsigned char _dcnt; _dcnt = (2
      +                          50)/((12*1000L)/(10*1000L))|1; while(--_dcnt !=
      +                           0) continue; };
    35  0071  30FB               	movlw	-5
    36  0072  0092               	movwf	?a_DelayMs+2
    37  0073                     l9
    38  0073  0B92               	decfsz	?a_DelayMs+2
    39  0074  2873               	goto	l9
    40                           ;delay.c: 25: } while(--i);
    41  0075  0B91               	decfsz	?a_DelayMs+1
    42  0076  2871               	goto	l7
    43                           ;delay.c: 26: } while(--cnt);
    44  0077  0B90               	decfsz	?a_DelayMs
    45  0078  286F               	goto	l4
    46  0079  0008               	return


HI-TECH Software PICC Macro Assembler V9.60PL1
Symbol Table                                          Mon Jan 27 16:04:30 2020

    ?a_DelayMs 0010              l4 006F              l7 0071  
            l9 0073        _DelayMs 006D          status 0003  
